<!DOCTYPE html>
<html lang="en">
<head>
    <meta charset="UTF-8">
    <meta name="viewport" content="width=device-width, initial-scale=1.0">
    <meta http-equiv="X-UA-Compatible" content="ie=edge">
    <title>Document</title>
    <link rel="stylesheet" href="bootstrap/css/bootstrap.css">
    <link rel="stylesheet" href="fonts/fonts.css">
    <link rel="stylesheet" href="css/style.css">
    <link rel="stylesheet" href="css/media.css">
</head>
<body>
    <header id="home">
        <div class="container">
        <nav class="navbar navbar-expand-lg navbar-dark">
            
                <a class="navbar-brand" href=""><img src="img/logo.png" alt=""></a>
                <button class="navbar-toggler" type="button" data-toggle="collapse" data-target="#navbarSupportedContent">
                <span class="navbar-toggler-icon"></span>
                </button>
            
                <div class="collapse navbar-collapse" id="navbarSupportedContent">
                <ul class="navbar-nav ml-auto">
                    <li class="nav-item">
                    <a class="nav-link" href="#home"  class="active">Home</a>
                    </li>
                    <li class="nav-item">
                    <a class="nav-link" href="#services" >Services</a>
                    </li>
                    <li class="nav-item" >
                    <a class="nav-link" href="#portfolio">Portfolio</a>
                    </li>
                    <li class="nav-item">
                    <a class="nav-link" href="#about" >About</a>
                    </li>
                    <li class="nav-item">
                    <a class="nav-link" href="#contact" >Contact</a>
                    </li>
                </ul>
                </div>
            
        </nav>
        <div class="welcome" >
            <h2>Welcome To Our Studio!</h2>
            <h1>It's nice to Meet you</h1>
            <a class="btn_yellow" href="#">Tell Me More</a>
        </div>
    </div>
    </header>
    <!-- =========================================== -->
    <main>
        <section class="block_padding" id="services">
            <div class="container">
                <h2>Services</h2>
                <h4>Proin iaculis purus consequat sem cure.</h4>
                <div class="row services">
                    <div class="col-md-4">
                        <div>
                            <img src="img/ico-001.png" alt="">
                        </div>
                        <h3>E-Commerce</h3>
                        <p>Lorem18, ipsum dolor sit amet consectetur adipisicing elit. Amet officia atque perspiciatis assumenda necessitatibus, voluptatem omnis enim! Accusamus?</p>
                    </div>
                    <div class="col-md-4">
                        <div>
                            <img src="img/ico-002.png" alt="">
                        </div>
                        <h3>Responsive Web</h3>
                        <p>Lorem18, ipsum dolor sit amet consectetur adipisicing elit. Amet officia atque perspiciatis assumenda necessitatibus, voluptatem omnis enim! Accusamus?</p>
                    </div>
                    <div class="col-md-4">
                        <div>
                            <img src="img/ico-003.png" alt="">
                        </div>
                        <h3>Web Security</h3>
                        <p>Lorem18, ipsum dolor sit amet consectetur adipisicing elit. Amet officia atque perspiciatis assumenda necessitatibus, voluptatem omnis enim! Accusamus?</p>
                    </div>
                    
                </div>
            </div>
        </section>
    
        <!-- =========================================== -->
        <section class="portfolio block_padding" id="portfolio">
            <div class="container">
                <h2>Our portfolio</h2>
                <h4>Proin iaculis purus consequat sem cure.</h4>
                <div class="row">
                    <div class="col-lg-4 col-md-6">
                        <div class="portfolio_block">
                            <img src="img/our_portfoilio001.png" alt="">
                            <div>
                                <h3>Ebony & Ivory</h3>
                                <p>Branding</p>
                            </div>
                        </div>
                    </div>
                    <div class="col-lg-4 col-md-6">
                        <div class="portfolio_block">
                            <img src="img/our_portfoilio002.png" alt="">
                            <div>
                                <h3>Smart Stationary</h3>
                                <p>Print Design</p>
                            </div>
                        </div>
                    </div>
                    <div class="col-lg-4 col-md-6">
                        <div class="portfolio_block">
                            <img src="img/our_portfoilio003.png" alt="">
                            <div>
                                <h3>Clever Poster</h3>
                                <p>Print Design</p>
                            </div>
                        </div>
                    </div>
                    <div class="col-lg-4 col-md-6">
                        <div class="portfolio_block">
                            <img src="img/our_portfoilio004.png" alt="">
                            <div>
                                <h3>Vinyl Record</h3>
                                <p>Product Mock-Up</p>
                            </div>
                        </div>
                    </div>
                    <div class="col-lg-4 col-md-6">
                        <div class="portfolio_block">
                            <img src="img/our_portfoilio005.png" alt="">
                            <div>
                                <h3>Treehouse Template</h3>
                                <p>Web Design</p>
                            </div>
                        </div>
                    </div>
                    <div class="col-lg-4 col-md-6">
                        <div class="portfolio_block">
                            <img src="img/our_portfoilio006.png" alt="">
                            <div>
                                <h3>Burned Logo</h3>
                                <p>Branding</p>
                            </div>
                        </div>
                    </div>
                </div>
            </div>
        </section>
        <!-- =========================================== -->
        <section class="block_padding" id="about">
            <div class="container">
                <h2>About Us</h2>
                <h4>Proin iaculis purus consequat sem cure. </h4>
                <div class="about">
                    <div class="about_txt">
                        <h3><span>July 2010</span><br> Our Humble Beginnings</h3>
                        <p>Lorem30, ipsum dolor sit amet consectetur adipisicing elit. Eius accusantium saepe commodi explicabo incidunt aperiam, praesentium, mollitia ab laborum rem facere deleniti odit quia magni ad dolorem at reiciendis fugiat.                           
                        </p>
                    </div>
                    <div class="about_img">
                        <img src="img/about_us_001.jpg" alt="">
                    </div>
                    <div class="about_txt"></div>
                </div>
                <div class="about">
                    <div class="about_txt">
                        <h3><span>January 2011</span><br>Facing Startup Battles</h3>
                        <p>Lorem30, ipsum dolor sit amet consectetur adipisicing elit. Eius accusantium saepe commodi explicabo incidunt aperiam, praesentium, mollitia ab laborum rem facere deleniti odit quia magni ad dolorem at reiciendis fugiat.                           
                        </p>
                    </div>
                    <div class="about_img">
                        <img src="img/about_us_002.jpg" alt="">
                    </div>
                    <div class="about_txt"></div>
                </div>
                <div class="about">
                    <div class="about_txt">
                        <h3><span>December 2012</span><br>Enter The Dark Days</h3>
                        <p>Lorem30, ipsum dolor sit amet consectetur adipisicing elit. Eius accusantium saepe commodi explicabo incidunt aperiam, praesentium, mollitia ab laborum rem facere deleniti odit quia magni ad dolorem at reiciendis fugiat.                           
                        </p>
                    </div>
                    <div class="about_img">
                        <img src="img/about_us_003.jpg" alt="">
                    </div>
                    <div class="about_txt"></div>
                </div>
                <div class="about">
                    <div class="about_txt">
                        <h3><span>february 2014</span><br>Our Triumph</h3>
                        <p>Lorem30, ipsum dolor sit amet consectetur adipisicing elit. Eius accusantium saepe commodi explicabo incidunt aperiam, praesentium, mollitia ab laborum rem facere deleniti odit quia magni ad dolorem at reiciendis fugiat.                           
                        </p>
                    </div>
                    <div class="about_img">
                        <img src="img/about_us_004.jpg" alt="">
                    </div>
                    <div class="about_txt"></div>
                </div>
                <div class="about">
                    <div class="about_txt"></div>
                    <div class="about_img">
                        <h3>Our <br>
                            Story <br>
                            Continues <br>
                            ...</h3>
                    </div>
                    <div class="about_txt"></div>
                </div>
            </div>
        </section>

        <!-- =========================================== -->
        <section class="block_padding our_amazing">
            <div class="container">
                <h2>our amazing team</h2>
                <h4>Proin iaculis purus consequat sem cure. </h4>
                <div class="row">
                    <div class="col-md-4 our_block">
                        <div></div>
                        <h3>Kimberly Thompson</h3>
                        <p>Marketer</p>
                        <div class="our_ico">
                            <a href="#"><code>t</code></a>
                            <a href="#"><code>f</code></a>
                            <a href="#"><code>p</code></a>
                        </div>
                    </div>
                    <div class="col-md-4 our_block">
                        <div></div>
                        <h3>Rico Massimo</h3>
                        <p>Coder</p>
                        <div class="our_ico">
                            <a href="#"><code>t</code></a>
                            <a href="#"><code>f</code></a>
                            <a href="#"><code>g</code></a>
                        </div>
                    </div>
                    <div class="col-md-4 our_block">
                        <div></div>
                        <h3>Uku Mason</h3>
                        <p>Graphic Designer</p>
                        <div class="our_ico">
                            <a href="#"><code>f</code></a>
                            <a href="#"><code>p</code></a>
                        </div>
                    </div>
                </div>
                <p>Lorem ipsum dolor sit amet, consectetur adipisicing elit. Natus magni, error minus non officia adipisci mollitia esse officiis porro incidunt?</p>
            </div>
        </section>
        <!-- =========================================== -->
<section>
    <div class="container logos">
        <img src="img/logos001.png" alt="">
        <img src="img/logos002.png" alt="">
        <img src="img/logos003.png" alt="">
        <img src="img/logos004.png" alt="">
    </div>
</section>
    <!-- ================================================== -->
    <section class="block_padding contact" id="contact">
        <div class="container">
           <h2>contact us</h2> 
           <h4>Proin iaculis purus consequat sem cure. </h4>
           <form action="" method="POST">
           <div class="row contact_input">
           <div class="col-md-6 ">  
           <input type="text" name="name" placeholder="YOUR NAME *">
           <input type="email" name="email" placeholder="YOUR E-MAIL * ">
           <input type="text" name="subject" placeholder="SUBJECT *">
           </div>
           <div class="col-md-6">
            <textarea name="txt" placeholder="YOUR MESSAGE *"></textarea>  
         </div>
        </div>
        <div class="d-flex justify-content-center">
            <button type="submit" class="btn_yellow">SEND MESSAGE</button>
        </div>
    </form>
      </div>
    </section>
    
 </main>   
    
<!-- ================================================================ -->
    <footer class="container">
        <div class="row foot">
            <div class="col-lg-4 d-flex align-items-center">Copyright 2014 FreebiesXpress.com</div>
            <div class="col-lg-4 foot_ico">
                    <a href="#"><code>t</code></a>
                    <a href="#"><code>f</code></a>
                    <a href="#"><code>p</code></a>
                    <a href="#"><code>g</code></a>
                    
            </div>
            <div class="col-lg-4"></div>
            
        </div>
        
    </footer> 

    
    
    
    
    
    
    <!-- ============================================================ -->
  


    
    <script src="bootstrap/js/jquery_bootstrap.js"></script>
    <script src="bootstrap/js/popper.js"></script>
    <script src="bootstrap/js/bootstrap.js"></script>
    <script src="js/jquery.js"></script>
    <script src="js/script.js"></script>
</body>
</html>